docker : docker: invalid reference format
No linha:1 caractere:1
+ docker run --rm -v "d:\Matheus 
Markies\Downloads\Test\backend":/app - ...
+ ~~~~~~~~~~~~~~~~~~~~~~~~~~~~~~~~~~~~~~~~~~~~~~~~~~~~~~~~~~~~~~~~~
~~~~
    + CategoryInfo          : NotSpecified: (docker: invalid refer 
   ence format:String) [], RemoteException
    + FullyQualifiedErrorId : NativeCommandError
 

Run 'docker run --help' for more information
